Archive member included to satisfy reference by file (symbol)

C:/ST/STM32CubeIDE_2.0.0/STM32CubeIDE/plugins/com.st.stm32cube.ide.mcu.externaltools.gnu-tools-for-stm32.13.3.rel1.win32_1.0.100.202509120712/tools/bin/../lib/gcc/arm-none-eabi/13.3.1/../../../../arm-none-eabi/lib/thumb/v7e-m+fp/hard\libc_nano.a(libc_a-exit.o)
                              C:/ST/STM32CubeIDE_2.0.0/STM32CubeIDE/plugins/com.st.stm32cube.ide.mcu.externaltools.gnu-tools-for-stm32.13.3.rel1.win32_1.0.100.202509120712/tools/bin/../lib/gcc/arm-none-eabi/13.3.1/../../../../arm-none-eabi/lib/thumb/v7e-m+fp/hard/crt0.o (exit)
C:/ST/STM32CubeIDE_2.0.0/STM32CubeIDE/plugins/com.st.stm32cube.ide.mcu.externaltools.gnu-tools-for-stm32.13.3.rel1.win32_1.0.100.202509120712/tools/bin/../lib/gcc/arm-none-eabi/13.3.1/../../../../arm-none-eabi/lib/thumb/v7e-m+fp/hard\libc_nano.a(libc_a-findfp.o)
                              C:/ST/STM32CubeIDE_2.0.0/STM32CubeIDE/plugins/com.st.stm32cube.ide.mcu.externaltools.gnu-tools-for-stm32.13.3.rel1.win32_1.0.100.202509120712/tools/bin/../lib/gcc/arm-none-eabi/13.3.1/../../../../arm-none-eabi/lib/thumb/v7e-m+fp/hard\libc_nano.a(libc_a-exit.o) (__stdio_exit_handler)
C:/ST/STM32CubeIDE_2.0.0/STM32CubeIDE/plugins/com.st.stm32cube.ide.mcu.externaltools.gnu-tools-for-stm32.13.3.rel1.win32_1.0.100.202509120712/tools/bin/../lib/gcc/arm-none-eabi/13.3.1/../../../../arm-none-eabi/lib/thumb/v7e-m+fp/hard\libc_nano.a(libc_a-fwalk.o)
                              C:/ST/STM32CubeIDE_2.0.0/STM32CubeIDE/plugins/com.st.stm32cube.ide.mcu.externaltools.gnu-tools-for-stm32.13.3.rel1.win32_1.0.100.202509120712/tools/bin/../lib/gcc/arm-none-eabi/13.3.1/../../../../arm-none-eabi/lib/thumb/v7e-m+fp/hard\libc_nano.a(libc_a-findfp.o) (_fwalk_sglue)
C:/ST/STM32CubeIDE_2.0.0/STM32CubeIDE/plugins/com.st.stm32cube.ide.mcu.externaltools.gnu-tools-for-stm32.13.3.rel1.win32_1.0.100.202509120712/tools/bin/../lib/gcc/arm-none-eabi/13.3.1/../../../../arm-none-eabi/lib/thumb/v7e-m+fp/hard\libc_nano.a(libc_a-stdio.o)
                              C:/ST/STM32CubeIDE_2.0.0/STM32CubeIDE/plugins/com.st.stm32cube.ide.mcu.externaltools.gnu-tools-for-stm32.13.3.rel1.win32_1.0.100.202509120712/tools/bin/../lib/gcc/arm-none-eabi/13.3.1/../../../../arm-none-eabi/lib/thumb/v7e-m+fp/hard\libc_nano.a(libc_a-findfp.o) (__sread)
C:/ST/STM32CubeIDE_2.0.0/STM32CubeIDE/plugins/com.st.stm32cube.ide.mcu.externaltools.gnu-tools-for-stm32.13.3.rel1.win32_1.0.100.202509120712/tools/bin/../lib/gcc/arm-none-eabi/13.3.1/../../../../arm-none-eabi/lib/thumb/v7e-m+fp/hard\libc_nano.a(libc_a-memset.o)
                              C:/ST/STM32CubeIDE_2.0.0/STM32CubeIDE/plugins/com.st.stm32cube.ide.mcu.externaltools.gnu-tools-for-stm32.13.3.rel1.win32_1.0.100.202509120712/tools/bin/../lib/gcc/arm-none-eabi/13.3.1/../../../../arm-none-eabi/lib/thumb/v7e-m+fp/hard/crt0.o (memset)
C:/ST/STM32CubeIDE_2.0.0/STM32CubeIDE/plugins/com.st.stm32cube.ide.mcu.externaltools.gnu-tools-for-stm32.13.3.rel1.win32_1.0.100.202509120712/tools/bin/../lib/gcc/arm-none-eabi/13.3.1/../../../../arm-none-eabi/lib/thumb/v7e-m+fp/hard\libc_nano.a(libc_a-closer.o)
                              C:/ST/STM32CubeIDE_2.0.0/STM32CubeIDE/plugins/com.st.stm32cube.ide.mcu.externaltools.gnu-tools-for-stm32.13.3.rel1.win32_1.0.100.202509120712/tools/bin/../lib/gcc/arm-none-eabi/13.3.1/../../../../arm-none-eabi/lib/thumb/v7e-m+fp/hard\libc_nano.a(libc_a-stdio.o) (_close_r)
C:/ST/STM32CubeIDE_2.0.0/STM32CubeIDE/plugins/com.st.stm32cube.ide.mcu.externaltools.gnu-tools-for-stm32.13.3.rel1.win32_1.0.100.202509120712/tools/bin/../lib/gcc/arm-none-eabi/13.3.1/../../../../arm-none-eabi/lib/thumb/v7e-m+fp/hard\libc_nano.a(libc_a-reent.o)
                              C:/ST/STM32CubeIDE_2.0.0/STM32CubeIDE/plugins/com.st.stm32cube.ide.mcu.externaltools.gnu-tools-for-stm32.13.3.rel1.win32_1.0.100.202509120712/tools/bin/../lib/gcc/arm-none-eabi/13.3.1/../../../../arm-none-eabi/lib/thumb/v7e-m+fp/hard\libc_nano.a(libc_a-closer.o) (errno)
C:/ST/STM32CubeIDE_2.0.0/STM32CubeIDE/plugins/com.st.stm32cube.ide.mcu.externaltools.gnu-tools-for-stm32.13.3.rel1.win32_1.0.100.202509120712/tools/bin/../lib/gcc/arm-none-eabi/13.3.1/../../../../arm-none-eabi/lib/thumb/v7e-m+fp/hard\libc_nano.a(libc_a-impure.o)
                              C:/ST/STM32CubeIDE_2.0.0/STM32CubeIDE/plugins/com.st.stm32cube.ide.mcu.externaltools.gnu-tools-for-stm32.13.3.rel1.win32_1.0.100.202509120712/tools/bin/../lib/gcc/arm-none-eabi/13.3.1/../../../../arm-none-eabi/lib/thumb/v7e-m+fp/hard\libc_nano.a(libc_a-reent.o) (_impure_ptr)
C:/ST/STM32CubeIDE_2.0.0/STM32CubeIDE/plugins/com.st.stm32cube.ide.mcu.externaltools.gnu-tools-for-stm32.13.3.rel1.win32_1.0.100.202509120712/tools/bin/../lib/gcc/arm-none-eabi/13.3.1/../../../../arm-none-eabi/lib/thumb/v7e-m+fp/hard\libc_nano.a(libc_a-lseekr.o)
[...]
Memory Configuration

Name             Origin             Length             Attributes
RAM              0x20000000         0x00018000         xrw
RAM2             0x10000000         0x00008000         xrw
FLASH            0x08000000         0x00100000         xr
*default*        0x00000000         0xffffffff

Linker script and memory map

LOAD C:/ST/STM32CubeIDE_2.0.0/STM32CubeIDE/plugins/com.st.stm32cube.ide.mcu.externaltools.gnu-tools-for-stm32.13.3.rel1.win32_1.0.100.202509120712/tools/bin/../lib/gcc/arm-none-eabi/13.3.1/thumb/v7e-m+fp/hard/crti.o
LOAD C:/ST/STM32CubeIDE_2.0.0/STM32CubeIDE/plugins/com.st.stm32cube.ide.mcu.externaltools.gnu-tools-for-stm32.13.3.rel1.win32_1.0.100.202509120712/tools/bin/../lib/gcc/arm-none-eabi/13.3.1/thumb/v7e-m+fp/hard/crtbegin.o
LOAD C:/ST/STM32CubeIDE_2.0.0/STM32CubeIDE/plugins/com.st.stm32cube.ide.mcu.externaltools.gnu-tools-for-stm32.13.3.rel1.win32_1.0.100.202509120712/tools/bin/../lib/gcc/arm-none-eabi/13.3.1/../../../../arm-none-eabi/lib/thumb/v7e-m+fp/hard/crt0.o
LOAD ./Application/User/Core/freertos.o
LOAD ./Application/User/Core/main.o
LOAD ./Application/User/Core/stm32l4xx_hal_msp.o
LOAD ./Application/User/Core/stm32l4xx_it.o
LOAD ./Application/User/Core/syscalls.o
LOAD ./Application/User/Core/sysmem.o
LOAD ./Application/User/Startup/startup_stm32l476rgtx.o
LOAD ./Drivers/CMSIS/system_stm32l4xx.o
LOAD ./Drivers/STM32L4xx_HAL_Driver/stm32l4xx_hal.o
LOAD ./Drivers/STM32L4xx_HAL_Driver/stm32l4xx_hal_cortex.o
LOAD ./Drivers/STM32L4xx_HAL_Driver/stm32l4xx_hal_dma.o
LOAD ./Drivers/STM32L4xx_HAL_Driver/stm32l4xx_hal_dma_ex.o
LOAD ./Drivers/STM32L4xx_HAL_Driver/stm32l4xx_hal_exti.o
LOAD ./Drivers/STM32L4xx_HAL_Driver/stm32l4xx_hal_flash.o
LOAD ./Drivers/STM32L4xx_HAL_Driver/stm32l4xx_hal_flash_ex.o
LOAD ./Drivers/STM32L4xx_HAL_Driver/stm32l4xx_hal_flash_ramfunc.o
LOAD ./Drivers/STM32L4xx_HAL_Driver/stm32l4xx_hal_gpio.o
LOAD ./Drivers/STM32L4xx_HAL_Driver/stm32l4xx_hal_i2c.o
LOAD ./Drivers/STM32L4xx_HAL_Driver/stm32l4xx_hal_i2c_ex.o
LOAD ./Drivers/STM32L4xx_HAL_Driver/stm32l4xx_hal_pwr.o
LOAD ./Drivers/STM32L4xx_HAL_Driver/stm32l4xx_hal_pwr_ex.o
LOAD ./Drivers/STM32L4xx_HAL_Driver/stm32l4xx_hal_rcc.o
LOAD ./Drivers/STM32L4xx_HAL_Driver/stm32l4xx_hal_rcc_ex.o
LOAD ./Middlewares/FreeRTOS/cmsis_os.o
LOAD ./Middlewares/FreeRTOS/croutine.o
LOAD ./Middlewares/FreeRTOS/event_groups.o
LOAD ./Middlewares/FreeRTOS/heap_4.o
LOAD ./Middlewares/FreeRTOS/list.o
LOAD ./Middlewares/FreeRTOS/port.o
LOAD ./Middlewares/FreeRTOS/queue.o
LOAD ./Middlewares/FreeRTOS/stream_buffer.o
LOAD ./Middlewares/FreeRTOS/tasks.o
LOAD ./Middlewares/FreeRTOS/timers.o
START GROUP
LOAD C:/ST/STM32CubeIDE_2.0.0/STM32CubeIDE/plugins/com.st.stm32cube.ide.mcu.externaltools.gnu-tools-for-stm32.13.3.rel1.win32_1.0.100.202509120712/tools/bin/../lib/gcc/arm-none-eabi/13.3.1/../../../../arm-none-eabi/lib/thumb/v7e-m+fp/hard\libc_nano.a
LOAD C:/ST/STM32CubeIDE_2.0.0/STM32CubeIDE/plugins/com.st.stm32cube.ide.mcu.externaltools.gnu-tools-for-stm32.13.3.rel1.win32_1.0.100.202509120712/tools/bin/../lib/gcc/arm-none-eabi/13.3.1/../../../../arm-none-eabi/lib/thumb/v7e-m+fp/hard\libm.a
END GROUP
START GROUP
LOAD C:/ST/STM32CubeIDE_2.0.0/STM32CubeIDE/plugins/com.st.stm32cube.ide.mcu.externaltools.gnu-tools-for-stm32.13.3.rel1.win32_1.0.100.202509120712/tools/bin/../lib/gcc/arm-none-eabi/13.3.1/thumb/v7e-m+fp/hard\libgcc.a
LOAD C:/ST/STM32CubeIDE_2.0.0/STM32CubeIDE/plugins/com.st.stm32cube.ide.mcu.externaltools.gnu-tools-for-stm32.13.3.rel1.win32_1.0.100.202509120712/tools/bin/../lib/gcc/arm-none-eabi/13.3.1/../../../../arm-none-eabi/lib/thumb/v7e-m+fp/hard\libc_nano.a
END GROUP
START GROUP
LOAD C:/ST/STM32CubeIDE_2.0.0/STM32CubeIDE/plugins/com.st.stm32cube.ide.mcu.externaltools.gnu-tools-for-stm32.13.3.rel1.win32_1.0.100.202509120712/tools/bin/../lib/gcc/arm-none-eabi/13.3.1/thumb/v7e-m+fp/hard\libgcc.a
LOAD C:/ST/STM32CubeIDE_2.0.0/STM32CubeIDE/plugins/com.st.stm32cube.ide.mcu.externaltools.gnu-tools-for-stm32.13.3.rel1.win32_1.0.100.202509120712/tools/bin/../lib/gcc/arm-none-eabi/13.3.1/../../../../arm-none-eabi/lib/thumb/v7e-m+fp/hard\libc_nano.a
LOAD C:/ST/STM32CubeIDE_2.0.0/STM32CubeIDE/plugins/com.st.stm32cube.ide.mcu.externaltools.gnu-tools-for-stm32.13.3.rel1.win32_1.0.100.202509120712/tools/bin/../lib/gcc/arm-none-eabi/13.3.1/../../../../arm-none-eabi/lib/thumb/v7e-m+fp/hard\libnosys.a
END GROUP
START GROUP
LOAD C:/ST/STM32CubeIDE_2.0.0/STM32CubeIDE/plugins/com.st.stm32cube.ide.mcu.externaltools.gnu-tools-for-stm32.13.3.rel1.win32_1.0.100.202509120712/tools/bin/../lib/gcc/arm-none-eabi/13.3.1/thumb/v7e-m+fp/hard\libgcc.a
LOAD C:/ST/STM32CubeIDE_2.0.0/STM32CubeIDE/plugins/com.st.stm32cube.ide.mcu.externaltools.gnu-tools-for-stm32.13.3.rel1.win32_1.0.100.202509120712/tools/bin/../lib/gcc/arm-none-eabi/13.3.1/../../../../arm-none-eabi/lib/thumb/v7e-m+fp/hard\libc_nano.a
LOAD C:/ST/STM32CubeIDE_2.0.0/STM32CubeIDE/plugins/com.st.stm32cube.ide.mcu.externaltools.gnu-tools-for-stm32.13.3.rel1.win32_1.0.100.202509120712/tools/bin/../lib/gcc/arm-none-eabi/13.3.1/../../../../arm-none-eabi/lib/thumb/v7e-m+fp/hard\libnosys.a
END GROUP
LOAD C:/ST/STM32CubeIDE_2.0.0/STM32CubeIDE/plugins/com.st.stm32cube.ide.mcu.externaltools.gnu-tools-for-stm32.13.3.rel1.win32_1.0.100.202509120712/tools/bin/../lib/gcc/arm-none-eabi/13.3.1/thumb/v7e-m+fp/hard/crtend.o
LOAD C:/ST/STM32CubeIDE_2.0.0/STM32CubeIDE/plugins/com.st.stm32cube.ide.mcu.externaltools.gnu-tools-for-stm32.13.3.rel1.win32_1.0.100.202509120712/tools/bin/../lib/gcc/arm-none-eabi/13.3.1/thumb/v7e-m+fp/hard/crtn.o
                0x20018000                        _estack = (ORIGIN (RAM) + LENGTH (RAM))
                0x00000200                        _Min_Heap_Size = 0x200
                0x00000400                        _Min_Stack_Size = 0x400

.isr_vector     0x08000000      0x188
                0x08000000                        . = ALIGN (0x4)
 *(.isr_vector)
 .isr_vector    0x08000000      0x188 ./Application/User/Startup/startup_stm32l476rgtx.o
                0x08000000                g_pfnVectors
                0x08000188                        . = ALIGN (0x4)

.text           0x08000190     0x26f0
                0x08000190                        . = ALIGN (0x4)
 *(.text)
 .text          0x08000190       0x40 C:/ST/STM32CubeIDE_2.0.0/STM32CubeIDE/plugins/com.st.stm32cube.ide.mcu.externaltools.gnu-tools-for-stm32.13.3.rel1.win32_1.0.100.202509120712/tools/bin/../lib/gcc/arm-none-eabi/13.3.1/thumb/v7e-m+fp/hard/crtbegin.o
 *(.text*)
 .text.vApplicationGetIdleTaskMemory
                0x080001d0       0x34 ./Application/User/Core/freertos.o
                0x080001d0                vApplicationGetIdleTaskMemory
 .text.main     0x08000204       0x40 ./Application/User/Core/main.o
                0x08000204                main
 .text.SystemClock_Config
                0x08000244       0x8c ./Application/User/Core/main.o
                0x08000244                SystemClock_Config
 .text.StartDefaultTask
                0x080002d0       0x10 ./Application/User/Core/main.o
                0x080002d0                StartDefaultTask
 .text.Error_Handler
                0x080002e0        0xc ./Application/User/Core/main.o
                0x080002e0                Error_Handler
 .text.HAL_MspInit
                0x080002ec       0x50 ./Application/User/Core/stm32l4xx_hal_msp.o
                0x080002ec                HAL_MspInit
 .text.NMI_Handler
                0x0800033c        0x8 ./Application/User/Core/stm32l4xx_it.o
                0x0800033c                NMI_Handler
 .text.HardFault_Handler
                0x08000344        0x8 ./Application/User/Core/stm32l4xx_it.o
                0x08000344                HardFault_Handler
 .text.MemManage_Handler
                0x0800034c        0x8 ./Application/User/Core/stm32l4xx_it.o
                0x0800034c                MemManage_Handler
 .text.BusFault_Handler
                0x08000354        0x8 ./Application/User/Core/stm32l4xx_it.o
                0x08000354                BusFault_Handler
 .text.UsageFault_Handler
                0x0800035c        0x8 ./Application/User/Core/stm32l4xx_it.o
                0x0800035c                UsageFault_Handler
 .text.DebugMon_Handler
                0x08000364        0xe ./Application/User/Core/stm32l4xx_it.o
                0x08000364                DebugMon_Handler
 .text.SysTick_Handler
                0x08000372       0x1a ./Application/User/Core/stm32l4xx_it.o
                0x08000372                SysTick_Handler
 .text.Reset_Handler
                0x0800038c       0x50 ./Application/User/Startup/startup_stm32l476rgtx.o
                0x0800038c                Reset_Handler
 .text.Default_Handler
                0x080003dc        0x2 ./Application/User/Startup/startup_stm32l476rgtx.o
                0x080003dc                RTC_Alarm_IRQHandler
                0x080003dc                EXTI2_IRQHandler
                0x080003dc                TIM8_TRG_COM_IRQHandler
                0x080003dc                TIM8_CC_IRQHandler
                0x080003dc                TIM1_CC_IRQHandler
                0x080003dc                TSC_IRQHandler
                0x080003dc                TAMP_STAMP_IRQHandler
                0x080003dc                EXTI3_IRQHandler
                0x080003dc                LPTIM2_IRQHandler
                0x080003dc                DFSDM1_FLT1_IRQHandler
                0x080003dc                I2C3_ER_IRQHandler
                0x080003dc                DFSDM1_FLT2_IRQHandler
                0x080003dc                EXTI0_IRQHandler
                0x080003dc                I2C2_EV_IRQHandler
                0x080003dc                CAN1_RX0_IRQHandler
                0x080003dc                FPU_IRQHandler
                0x080003dc                TIM1_UP_TIM16_IRQHandler
                0x080003dc                ADC1_2_IRQHandler
                0x080003dc                SPI1_IRQHandler
                0x080003dc                TIM6_DAC_IRQHandler
                0x080003dc                TIM8_UP_IRQHandler
                0x080003dc                DMA2_Channel2_IRQHandler
                0x080003dc                DMA1_Channel4_IRQHandler
                0x080003dc                SAI2_IRQHandler
                0x080003dc                DFSDM1_FLT3_IRQHandler
                0x080003dc                USART3_IRQHandler
                0x080003dc                DMA1_Channel7_IRQHandler
                0x080003dc                CAN1_RX1_IRQHandler
                0x080003dc                LCD_IRQHandler
                0x080003dc                UART5_IRQHandler
                0x080003dc                ADC3_IRQHandler
                0x080003dc                TIM4_IRQHandler
                0x080003dc                DMA2_Channel1_IRQHandler
                0x080003dc                QUADSPI_IRQHandler
                0x080003dc                I2C1_EV_IRQHandler
                0x080003dc                DMA1_Channel6_IRQHandler
                0x080003dc                UART4_IRQHandler
                0x080003dc                DMA2_Channel4_IRQHandler
                0x080003dc                TIM3_IRQHandler
                0x080003dc                RCC_IRQHandler
                0x080003dc                DMA1_Channel1_IRQHandler
                0x080003dc                Default_Handler
                0x080003dc                DMA2_Channel7_IRQHandler
                0x080003dc                EXTI15_10_IRQHandler
                0x080003dc                TIM7_IRQHandler
                0x080003dc                SDMMC1_IRQHandler
                0x080003dc                TIM5_IRQHandler
                0x080003dc                I2C3_EV_IRQHandler
                0x080003dc                EXTI9_5_IRQHandler
                0x080003dc                RTC_WKUP_IRQHandler
                0x080003dc                PVD_PVM_IRQHandler
                0x080003dc                SPI2_IRQHandler
                0x080003dc                CAN1_TX_IRQHandler
                0x080003dc                DMA2_Channel5_IRQHandler
                0x080003dc                DMA1_Channel5_IRQHandler
                0x080003dc                EXTI4_IRQHandler
                0x080003dc                RNG_IRQHandler
                0x080003dc                TIM1_TRG_COM_TIM17_IRQHandler
                0x080003dc                DMA1_Channel3_IRQHandler
                0x080003dc                COMP_IRQHandler
                0x080003dc                WWDG_IRQHandler
                0x080003dc                LPUART1_IRQHandler
                0x080003dc                DMA2_Channel6_IRQHandler
                0x080003dc                TIM2_IRQHandler
                0x080003dc                EXTI1_IRQHandler
                0x080003dc                USART2_IRQHandler
                0x080003dc                DFSDM1_FLT0_IRQHandler
                0x080003dc                I2C2_ER_IRQHandler
                0x080003dc                DMA1_Channel2_IRQHandler
                0x080003dc                TIM8_BRK_IRQHandler
                0x080003dc                CAN1_SCE_IRQHandler
                0x080003dc                FLASH_IRQHandler
                0x080003dc                USART1_IRQHandler
                0x080003dc                OTG_FS_IRQHandler
                0x080003dc                SPI3_IRQHandler
                0x080003dc                I2C1_ER_IRQHandler
                0x080003dc                FMC_IRQHandler
                0x080003dc                SWPMI1_IRQHandler
                0x080003dc                LPTIM1_IRQHandler
                0x080003dc                SAI1_IRQHandler
                0x080003dc                DMA2_Channel3_IRQHandler
                0x080003dc                TIM1_BRK_TIM15_IRQHandler
 *fill*         0x080003de        0x2 
 .text.SystemInit
                0x080003e0       0x24 ./Drivers/CMSIS/system_stm32l4xx.o
                0x080003e0                SystemInit
 .text.HAL_Init
                0x08000404       0x30 ./Drivers/STM32L4xx_HAL_Driver/stm32l4xx_hal.o
                0x08000404                HAL_Init
 .text.HAL_InitTick
                0x08000434       0x78 ./Drivers/STM32L4xx_HAL_Driver/stm32l4xx_hal.o
                0x08000434                HAL_InitTick
 .text.HAL_IncTick
                0x080004ac       0x28 ./Drivers/STM32L4xx_HAL_Driver/stm32l4xx_hal.o
                0x080004ac                HAL_IncTick
 .text.HAL_GetTick
                0x080004d4       0x18 ./Drivers/STM32L4xx_HAL_Driver/stm32l4xx_hal.o
                0x080004d4                HAL_GetTick
 .text.__NVIC_SetPriorityGrouping
                0x080004ec       0x48 ./Drivers/STM32L4xx_HAL_Driver/stm32l4xx_hal_cortex.o
 .text.__NVIC_GetPriorityGrouping
                0x08000534       0x1c ./Drivers/STM32L4xx_HAL_Driver/stm32l4xx_hal_cortex.o
 .text.__NVIC_SetPriority
                0x08000550       0x54 ./Drivers/STM32L4xx_HAL_Driver/stm32l4xx_hal_cortex.o
 .text.NVIC_EncodePriority
                0x080005a4       0x66 ./Drivers/STM32L4xx_HAL_Driver/stm32l4xx_hal_cortex.o
 *fill*         0x0800060a        0x2 
 .text.SysTick_Config
                0x0800060c       0x44 ./Drivers/STM32L4xx_HAL_Driver/stm32l4xx_hal_cortex.o
 .text.HAL_NVIC_SetPriorityGrouping
                0x08000650       0x16 ./Drivers/STM32L4xx_HAL_Driver/stm32l4xx_hal_cortex.o
                0x08000650                HAL_NVIC_SetPriorityGrouping
 .text.HAL_NVIC_SetPriority
                0x08000666       0x38 ./Drivers/STM32L4xx_HAL_Driver/stm32l4xx_hal_cortex.o
                0x08000666                HAL_NVIC_SetPriority
 .text.HAL_SYSTICK_Config
                0x0800069e       0x18 ./Drivers/STM32L4xx_HAL_Driver/stm32l4xx_hal_cortex.o
                0x0800069e                HAL_SYSTICK_Config
 *fill*         0x080006b6        0x2 
 .text.HAL_PWREx_GetVoltageRange
                0x080006b8       0x1c ./Drivers/STM32L4xx_HAL_Driver/stm32l4xx_hal_pwr_ex.o
                0x080006b8                HAL_PWREx_GetVoltageRange
 .text.HAL_PWREx_ControlVoltageScaling
                0x080006d4       0xac ./Drivers/STM32L4xx_HAL_Driver/stm32l4xx_hal_pwr_ex.o
                0x080006d4                HAL_PWREx_ControlVoltageScaling
 .text.HAL_RCC_OscConfig
                0x08000780      0x7b8 ./Drivers/STM32L4xx_HAL_Driver/stm32l4xx_hal_rcc.o
                0x08000780                HAL_RCC_OscConfig
 .text.HAL_RCC_ClockConfig
                0x08000f38      0x200 ./Drivers/STM32L4xx_HAL_Driver/stm32l4xx_hal_rcc.o
                0x08000f38                HAL_RCC_ClockConfig
 .text.HAL_RCC_GetSysClockFreq
                0x08001138      0x118 ./Drivers/STM32L4xx_HAL_Driver/stm32l4xx_hal_rcc.o
                0x08001138                HAL_RCC_GetSysClockFreq
 .text.RCC_SetFlashLatencyFromMSIRange
                0x08001250       0xc0 ./Drivers/STM32L4xx_HAL_Driver/stm32l4xx_hal_rcc.o
 .text.makeFreeRtosPriority
                0x08001310       0x30 ./Middlewares/FreeRTOS/cmsis_os.o
 .text.osKernelStart
                0x08001340        0xe ./Middlewares/FreeRTOS/cmsis_os.o
                0x08001340                osKernelStart
 .text.osThreadCreate
                0x0800134e       0x98 ./Middlewares/FreeRTOS/cmsis_os.o
                0x0800134e                osThreadCreate
 .text.osDelay  0x080013e6       0x28 ./Middlewares/FreeRTOS/cmsis_os.o
                0x080013e6                osDelay
 *fill*         0x0800140e        0x2 
 .text.pvPortMalloc
                0x08001410      0x19c ./Middlewares/FreeRTOS/heap_4.o
                0x08001410                pvPortMalloc
 .text.vPortFree
                0x080015ac       0xc8 ./Middlewares/FreeRTOS/heap_4.o
                0x080015ac                vPortFree
 .text.prvHeapInit
                0x08001674       0xc4 ./Middlewares/FreeRTOS/heap_4.o
 .text.prvInsertBlockIntoFreeList
                0x08001738       0xb4 ./Middlewares/FreeRTOS/heap_4.o
 .text.vListInitialise
                0x080017ec       0x40 ./Middlewares/FreeRTOS/list.o
                0x080017ec                vListInitialise
 .text.vListInitialiseItem
                0x0800182c       0x1a ./Middlewares/FreeRTOS/list.o
                0x0800182c                vListInitialiseItem
 .text.vListInsertEnd
                0x08001846       0x48 ./Middlewares/FreeRTOS/list.o
                0x08001846                vListInsertEnd
 .text.vListInsert
                0x0800188e       0x72 ./Middlewares/FreeRTOS/list.o
                0x0800188e                vListInsert
 .text.uxListRemove
                0x08001900       0x54 ./Middlewares/FreeRTOS/list.o
                0x08001900                uxListRemove
 .text.pxPortInitialiseStack
                0x08001954       0x68 ./Middlewares/FreeRTOS/port.o
                0x08001954                pxPortInitialiseStack
 .text.prvTaskExitError
                0x080019bc       0x5c ./Middlewares/FreeRTOS/port.o
 *fill*         0x08001a18        0x8 
 .text.SVC_Handler
                0x08001a20       0x28 ./Middlewares/FreeRTOS/port.o
                0x08001a20                SVC_Handler
 .text.prvPortStartFirstTask
                0x08001a48       0x28 ./Middlewares/FreeRTOS/port.o
 .text.xPortStartScheduler
                0x08001a70      0x148 ./Middlewares/FreeRTOS/port.o
                0x08001a70                xPortStartScheduler
 .text.vPortEnterCritical
                0x08001bb8       0x64 ./Middlewares/FreeRTOS/port.o
                0x08001bb8                vPortEnterCritical
 .text.vPortExitCritical
                0x08001c1c       0x54 ./Middlewares/FreeRTOS/port.o
                0x08001c1c                vPortExitCritical
 .text.PendSV_Handler
                0x08001c70       0x68 ./Middlewares/FreeRTOS/port.o
                0x08001c70                PendSV_Handler
 .text.xPortSysTickHandler
                0x08001cd8       0x44 ./Middlewares/FreeRTOS/port.o
                0x08001cd8                xPortSysTickHandler
 .text.vPortSetupTimerInterrupt
                0x08001d1c       0x48 ./Middlewares/FreeRTOS/port.o
                0x08001d1c                vPortSetupTimerInterrupt
 .text.vPortEnableVFP
                0x08001d64       0x14 ./Middlewares/FreeRTOS/port.o
 .text.xTaskCreateStatic
                0x08001d78       0xc0 ./Middlewares/FreeRTOS/tasks.o
                0x08001d78                xTaskCreateStatic
 .text.xTaskCreate
                0x08001e38       0x8a ./Middlewares/FreeRTOS/tasks.o
                0x08001e38                xTaskCreate
 .text.prvInitialiseNewTask
                0x08001ec2      0x110 ./Middlewares/FreeRTOS/tasks.o
 *fill*         0x08001fd2        0x2 
 .text.prvAddNewTaskToReadyList
                0x08001fd4       0xd4 ./Middlewares/FreeRTOS/tasks.o
 .text.vTaskDelay
                0x080020a8       0x6c ./Middlewares/FreeRTOS/tasks.o
                0x080020a8                vTaskDelay
 .text.vTaskStartScheduler
                0x08002114       0xc4 ./Middlewares/FreeRTOS/tasks.o
                0x08002114                vTaskStartScheduler
 .text.vTaskSuspendAll
                0x080021d8       0x1c ./Middlewares/FreeRTOS/tasks.o
                0x080021d8                vTaskSuspendAll
 .text.xTaskResumeAll
                0x080021f4      0x13c ./Middlewares/FreeRTOS/tasks.o
                0x080021f4                xTaskResumeAll
 .text.xTaskIncrementTick
                0x08002330      0x174 ./Middlewares/FreeRTOS/tasks.o
                0x08002330                xTaskIncrementTick
 .text.vTaskSwitchContext
                0x080024a4       0xb8 ./Middlewares/FreeRTOS/tasks.o
                0x080024a4                vTaskSwitchContext
 .text.prvIdleTask
                0x0800255c       0x30 ./Middlewares/FreeRTOS/tasks.o
 .text.prvInitialiseTaskLists
                0x0800258c       0x80 ./Middlewares/FreeRTOS/tasks.o
 .text.prvCheckTasksWaitingTermination
                0x0800260c       0x5c ./Middlewares/FreeRTOS/tasks.o
 .text.prvDeleteTCB
                0x08002668       0x60 ./Middlewares/FreeRTOS/tasks.o
 .text.prvResetNextTaskUnblockTime
                0x080026c8       0x40 ./Middlewares/FreeRTOS/tasks.o
 .text.xTaskGetSchedulerState
                0x08002708       0x3c ./Middlewares/FreeRTOS/tasks.o
                0x08002708                xTaskGetSchedulerState
 .text.prvAddCurrentTaskToDelayedList
                0x08002744       0xcc ./Middlewares/FreeRTOS/tasks.o
 .text.memset   0x08002810       0x10 C:/ST/STM32CubeIDE_2.0.0/STM32CubeIDE/plugins/com.st.stm32cube.ide.mcu.externaltools.gnu-tools-for-stm32.13.3.rel1.win32_1.0.100.202509120712/tools/bin/../lib/gcc/arm-none-eabi/13.3.1/../../../../arm-none-eabi/lib/thumb/v7e-m+fp/hard\libc_nano.a(libc_a-memset.o)
                0x08002810                memset
 .text.__libc_init_array
                0x08002820       0x48 C:/ST/STM32CubeIDE_2.0.0/STM32CubeIDE/plugins/com.st.stm32cube.ide.mcu.externaltools.gnu-tools-for-stm32.13.3.rel1.win32_1.0.100.202509120712/tools/bin/../lib/gcc/arm-none-eabi/13.3.1/../../../../arm-none-eabi/lib/thumb/v7e-m+fp/hard\libc_nano.a(libc_a-init.o)
                0x08002820                __libc_init_array
 *(.glue_7)
 .glue_7        0x08002868        0x0 linker stubs
 *(.glue_7t)
 .glue_7t       0x08002868        0x0 linker stubs
 *(.eh_frame)
 .eh_frame      0x08002868        0x0 C:/ST/STM32CubeIDE_2.0.0/STM32CubeIDE/plugins/com.st.stm32cube.ide.mcu.externaltools.gnu-tools-for-stm32.13.3.rel1.win32_1.0.100.202509120712/tools/bin/../lib/gcc/arm-none-eabi/13.3.1/thumb/v7e-m+fp/hard/crtbegin.o
 *(.init)
 .init          0x08002868        0x4 C:/ST/STM32CubeIDE_2.0.0/STM32CubeIDE/plugins/com.st.stm32cube.ide.mcu.externaltools.gnu-tools-for-stm32.13.3.rel1.win32_1.0.100.202509120712/tools/bin/../lib/gcc/arm-none-eabi/13.3.1/thumb/v7e-m+fp/hard/crti.o
                0x08002868                _init
 .init          0x0800286c        0x8 C:/ST/STM32CubeIDE_2.0.0/STM32CubeIDE/plugins/com.st.stm32cube.ide.mcu.externaltools.gnu-tools-for-stm32.13.3.rel1.win32_1.0.100.202509120712/tools/bin/../lib/gcc/arm-none-eabi/13.3.1/thumb/v7e-m+fp/hard/crtn.o
 *(.fini)
 .fini          0x08002874        0x4 C:/ST/STM32CubeIDE_2.0.0/STM32CubeIDE/plugins/com.st.stm32cube.ide.mcu.externaltools.gnu-tools-for-stm32.13.3.rel1.win32_1.0.100.202509120712/tools/bin/../lib/gcc/arm-none-eabi/13.3.1/thumb/v7e-m+fp/hard/crti.o
                0x08002874                _fini
 .fini          0x08002878        0x8 C:/ST/STM32CubeIDE_2.0.0/STM32CubeIDE/plugins/com.st.stm32cube.ide.mcu.externaltools.gnu-tools-for-stm32.13.3.rel1.win32_1.0.100.202509120712/tools/bin/../lib/gcc/arm-none-eabi/13.3.1/thumb/v7e-m+fp/hard/crtn.o
                0x08002880                        . = ALIGN (0x4)
                0x08002880                        _etext = .

.vfp11_veneer   0x08002880        0x0
 .vfp11_veneer  0x08002880        0x0 linker stubs

.v4_bx          0x08002880        0x0
 .v4_bx         0x08002880        0x0 linker stubs

.iplt           0x08002880        0x0
 .iplt          0x08002880        0x0 C:/ST/STM32CubeIDE_2.0.0/STM32CubeIDE/plugins/com.st.stm32cube.ide.mcu.externaltools.gnu-tools-for-stm32.13.3.rel1.win32_1.0.100.202509120712/tools/bin/../lib/gcc/arm-none-eabi/13.3.1/thumb/v7e-m+fp/hard/crtbegin.o

.rodata         0x08002880       0x70
                0x08002880                        . = ALIGN (0x4)
 *(.rodata)
 .rodata        0x08002880       0x28 ./Application/User/Core/main.o
 .rodata        0x080028a8        0x5 ./Middlewares/FreeRTOS/tasks.o
 *(.rodata*)
 *fill*         0x080028ad        0x3 
 .rodata.AHBPrescTable
                0x080028b0       0x10 ./Drivers/CMSIS/system_stm32l4xx.o
                0x080028b0                AHBPrescTable
 .rodata.MSIRangeTable
                0x080028c0       0x30 ./Drivers/CMSIS/system_stm32l4xx.o
                0x080028c0                MSIRangeTable
                0x080028f0                        . = ALIGN (0x4)

.ARM.extab      0x080028f0        0x0
                0x080028f0                        . = ALIGN (0x4)
 *(.ARM.extab* .gnu.linkonce.armextab.*)
                0x080028f0                        . = ALIGN (0x4)

.ARM            0x080028f0        0x0
                0x080028f0                        . = ALIGN (0x4)
                0x080028f0                        __exidx_start = .
 *(.ARM.exidx*)
                0x080028f0                        __exidx_end = .
                0x080028f0                        . = ALIGN (0x4)

.preinit_array  0x080028f0        0x0
                0x080028f0                        . = ALIGN (0x4)
                0x080028f0                        PROVIDE (__preinit_array_start = .)
 *(.preinit_array*)
                0x080028f0                        PROVIDE (__preinit_array_end = .)
                0x080028f0                        . = ALIGN (0x4)

.init_array     0x080028f0        0x4
                0x080028f0                        . = ALIGN (0x4)
                0x080028f0                        PROVIDE (__init_array_start = .)
 *(SORT_BY_NAME(.init_array.*))
 *(.init_array*)
 .init_array    0x080028f0        0x4 C:/ST/STM32CubeIDE_2.0.0/STM32CubeIDE/plugins/com.st.stm32cube.ide.mcu.externaltools.gnu-tools-for-stm32.13.3.rel1.win32_1.0.100.202509120712/tools/bin/../lib/gcc/arm-none-eabi/13.3.1/thumb/v7e-m+fp/hard/crtbegin.o
                0x080028f4                        PROVIDE (__init_array_end = .)
                0x080028f4                        . = ALIGN (0x4)

.fini_array     0x080028f4        0x4
                0x080028f4                        . = ALIGN (0x4)
                [!provide]                        PROVIDE (__fini_array_start = .)
 *(SORT_BY_NAME(.fini_array.*))
 *(.fini_array*)
 .fini_array    0x080028f4        0x4 C:/ST/STM32CubeIDE_2.0.0/STM32CubeIDE/plugins/com.st.stm32cube.ide.mcu.externaltools.gnu-tools-for-stm32.13.3.rel1.win32_1.0.100.202509120712/tools/bin/../lib/gcc/arm-none-eabi/13.3.1/thumb/v7e-m+fp/hard/crtbegin.o
                [!provide]                        PROVIDE (__fini_array_end = .)
                0x080028f8                        . = ALIGN (0x4)
                0x080028f8                        _sidata = LOADADDR (.data)

.rel.dyn        0x080028f8        0x0
 .rel.iplt      0x080028f8        0x0 C:/ST/STM32CubeIDE_2.0.0/STM32CubeIDE/plugins/com.st.stm32cube.ide.mcu.externaltools.gnu-tools-for-stm32.13.3.rel1.win32_1.0.100.202509120712/tools/bin/../lib/gcc/arm-none-eabi/13.3.1/thumb/v7e-m+fp/hard/crtbegin.o

.data           0x20000000       0x10 load address 0x080028f8
                0x20000000                        . = ALIGN (0x4)
                0x20000000                        _sdata = .
 *(.data)
 *(.data*)
 .data.SystemCoreClock
                0x20000000        0x4 ./Drivers/CMSIS/system_stm32l4xx.o
                0x20000000                SystemCoreClock
 .data.uwTickPrio
                0x20000004        0x4 ./Drivers/STM32L4xx_HAL_Driver/stm32l4xx_hal.o
                0x20000004                uwTickPrio
 .data.uwTickFreq
                0x20000008        0x1 ./Drivers/STM32L4xx_HAL_Driver/stm32l4xx_hal.o
                0x20000008                uwTickFreq
 *fill*         0x20000009        0x3 
 .data.uxCriticalNesting
                0x2000000c        0x4 ./Middlewares/FreeRTOS/port.o
 *(.RamFunc)
 *(.RamFunc*)
                0x20000010                        . = ALIGN (0x4)
                0x20000010                        _edata = .

.igot.plt       0x20000010        0x0 load address 0x08002908
 .igot.plt      0x20000010        0x0 C:/ST/STM32CubeIDE_2.0.0/STM32CubeIDE/plugins/com.st.stm32cube.ide.mcu.externaltools.gnu-tools-for-stm32.13.3.rel1.win32_1.0.100.202509120712/tools/bin/../lib/gcc/arm-none-eabi/13.3.1/thumb/v7e-m+fp/hard/crtbegin.o
                0x20000010                        . = ALIGN (0x4)

.bss            0x20000010      0xf84 load address 0x08002908
                0x20000010                        _sbss = .
                0x20000010                        __bss_start__ = _sbss
 *(.bss)
 .bss           0x20000010       0x1c C:/ST/STM32CubeIDE_2.0.0/STM32CubeIDE/plugins/com.st.stm32cube.ide.mcu.externaltools.gnu-tools-for-stm32.13.3.rel1.win32_1.0.100.202509120712/tools/bin/../lib/gcc/arm-none-eabi/13.3.1/thumb/v7e-m+fp/hard/crtbegin.o
 *(.bss*)
 .bss.xIdleTaskTCBBuffer
                0x2000002c       0x54 ./Application/User/Core/freertos.o
 .bss.xIdleStack
                0x20000080      0x200 ./Application/User/Core/freertos.o
 .bss.defaultTaskHandle
                0x20000280        0x4 ./Application/User/Core/main.o
                0x20000280                defaultTaskHandle
 .bss.uwTick    0x20000284        0x4 ./Drivers/STM32L4xx_HAL_Driver/stm32l4xx_hal.o
                0x20000284                uwTick
 .bss.ucHeap    0x20000288      0xbb8 ./Middlewares/FreeRTOS/heap_4.o
 .bss.xStart    0x20000e40        0x8 ./Middlewares/FreeRTOS/heap_4.o
 .bss.pxEnd     0x20000e48        0x4 ./Middlewares/FreeRTOS/heap_4.o
 .bss.xFreeBytesRemaining
                0x20000e4c        0x4 ./Middlewares/FreeRTOS/heap_4.o
 .bss.xMinimumEverFreeBytesRemaining
                0x20000e50        0x4 ./Middlewares/FreeRTOS/heap_4.o
 .bss.xNumberOfSuccessfulAllocations
                0x20000e54        0x4 ./Middlewares/FreeRTOS/heap_4.o
 .bss.xNumberOfSuccessfulFrees
                0x20000e58        0x4 ./Middlewares/FreeRTOS/heap_4.o
 .bss.xBlockAllocatedBit
                0x20000e5c        0x4 ./Middlewares/FreeRTOS/heap_4.o
 .bss.ucMaxSysCallPriority
                0x20000e60        0x1 ./Middlewares/FreeRTOS/port.o
 *fill*         0x20000e61        0x3 
 .bss.ulMaxPRIGROUPValue
                0x20000e64        0x4 ./Middlewares/FreeRTOS/port.o
 .bss.pxCurrentTCB
                0x20000e68        0x4 ./Middlewares/FreeRTOS/tasks.o
                0x20000e68                pxCurrentTCB
 .bss.pxReadyTasksLists
                0x20000e6c       0x8c ./Middlewares/FreeRTOS/tasks.o
 .bss.xDelayedTaskList1
                0x20000ef8       0x14 ./Middlewares/FreeRTOS/tasks.o
 .bss.xDelayedTaskList2
                0x20000f0c       0x14 ./Middlewares/FreeRTOS/tasks.o
 .bss.pxDelayedTaskList
                0x20000f20        0x4 ./Middlewares/FreeRTOS/tasks.o
 .bss.pxOverflowDelayedTaskList
                0x20000f24        0x4 ./Middlewares/FreeRTOS/tasks.o
 .bss.xPendingReadyList
                0x20000f28       0x14 ./Middlewares/FreeRTOS/tasks.o
 .bss.xTasksWaitingTermination
                0x20000f3c       0x14 ./Middlewares/FreeRTOS/tasks.o
 .bss.uxDeletedTasksWaitingCleanUp
                0x20000f50        0x4 ./Middlewares/FreeRTOS/tasks.o
 .bss.xSuspendedTaskList
                0x20000f54       0x14 ./Middlewares/FreeRTOS/tasks.o
 .bss.uxCurrentNumberOfTasks
                0x20000f68        0x4 ./Middlewares/FreeRTOS/tasks.o
 .bss.xTickCount
                0x20000f6c        0x4 ./Middlewares/FreeRTOS/tasks.o
 .bss.uxTopReadyPriority
                0x20000f70        0x4 ./Middlewares/FreeRTOS/tasks.o
 .bss.xSchedulerRunning
                0x20000f74        0x4 ./Middlewares/FreeRTOS/tasks.o
 .bss.xPendedTicks
                0x20000f78        0x4 ./Middlewares/FreeRTOS/tasks.o
 .bss.xYieldPending
                0x20000f7c        0x4 ./Middlewares/FreeRTOS/tasks.o
 .bss.xNumOfOverflows
                0x20000f80        0x4 ./Middlewares/FreeRTOS/tasks.o
 .bss.uxTaskNumber
                0x20000f84        0x4 ./Middlewares/FreeRTOS/tasks.o
 .bss.xNextTaskUnblockTime
                0x20000f88        0x4 ./Middlewares/FreeRTOS/tasks.o
 .bss.xIdleTaskHandle
                0x20000f8c        0x4 ./Middlewares/FreeRTOS/tasks.o
 .bss.uxSchedulerSuspended
                0x20000f90        0x4 ./Middlewares/FreeRTOS/tasks.o
 *(COMMON)
                0x20000f94                        . = ALIGN (0x4)
                0x20000f94                        _ebss = .
                0x20000f94                        __bss_end__ = _ebss

._user_heap_stack
                0x20000f94      0x604 load address 0x08002908
                0x20000f98                        . = ALIGN (0x8)
 *fill*         0x20000f94        0x4 
                [!provide]                        PROVIDE (end = .)
                0x20000f98                        PROVIDE (_end = .)
                0x20001198                        . = (. + _Min_Heap_Size)
 *fill*         0x20000f98      0x200 
                0x20001598                        . = (. + _Min_Stack_Size)
 *fill*         0x20001198      0x400 
                0x20001598                        . = ALIGN (0x8)

/DISCARD/
 libc.a(*)
 libm.a(*)
 libgcc.a(*)

.ARM.attributes
                0x00000000       0x30
 *(.ARM.attributes)
 .ARM.attributes
                0x00000000       0x22 C:/ST/STM32CubeIDE_2.0.0/STM32CubeIDE/plugins/com.st.stm32cube.ide.mcu.externaltools.gnu-tools-for-stm32.13.3.rel1.win32_1.0.100.202509120712/tools/bin/../lib/gcc/arm-none-eabi/13.3.1/thumb/v7e-m+fp/hard/crti.o
 .ARM.attributes
                0x00000022       0x34 C:/ST/STM32CubeIDE_2.0.0/STM32CubeIDE/plugins/com.st.stm32cube.ide.mcu.externaltools.gnu-tools-for-stm32.13.3.rel1.win32_1.0.100.202509120712/tools/bin/../lib/gcc/arm-none-eabi/13.3.1/thumb/v7e-m+fp/hard/crtbegin.o
 .ARM.attributes
                0x00000056       0x34 ./Application/User/Core/freertos.o
 .ARM.attributes
                0x0000008a       0x34 ./Application/User/Core/main.o
 .ARM.attributes
                0x000000be       0x34 ./Application/User/Core/stm32l4xx_hal_msp.o
 .ARM.attributes
                0x000000f2       0x34 ./Application/User/Core/stm32l4xx_it.o
 .ARM.attributes
                0x00000126       0x21 ./Application/User/Startup/startup_stm32l476rgtx.o
 .ARM.attributes
                0x00000147       0x34 ./Drivers/CMSIS/system_stm32l4xx.o
 .ARM.attributes
                0x0000017b       0x34 ./Drivers/STM32L4xx_HAL_Driver/stm32l4xx_hal.o
 .ARM.attributes
                0x000001af       0x34 ./Drivers/STM32L4xx_HAL_Driver/stm32l4xx_hal_cortex.o
 .ARM.attributes
                0x000001e3       0x34 ./Drivers/STM32L4xx_HAL_Driver/stm32l4xx_hal_pwr_ex.o
 .ARM.attributes
                0x00000217       0x34 ./Drivers/STM32L4xx_HAL_Driver/stm32l4xx_hal_rcc.o
 .ARM.attributes
                0x0000024b       0x34 ./Middlewares/FreeRTOS/cmsis_os.o
 .ARM.attributes
                0x0000027f       0x34 ./Middlewares/FreeRTOS/heap_4.o
 .ARM.attributes
                0x000002b3       0x34 ./Middlewares/FreeRTOS/list.o
 .ARM.attributes
                0x000002e7       0x34 ./Middlewares/FreeRTOS/port.o
 .ARM.attributes
                0x0000031b       0x34 ./Middlewares/FreeRTOS/tasks.o
 .ARM.attributes
                0x0000034f       0x34 C:/ST/STM32CubeIDE_2.0.0/STM32CubeIDE/plugins/com.st.stm32cube.ide.mcu.externaltools.gnu-tools-for-stm32.13.3.rel1.win32_1.0.100.202509120712/tools/bin/../lib/gcc/arm-none-eabi/13.3.1/../../../../arm-none-eabi/lib/thumb/v7e-m+fp/hard\libc_nano.a(libc_a-memset.o)
 .ARM.attributes
                0x00000383       0x34 C:/ST/STM32CubeIDE_2.0.0/STM32CubeIDE/plugins/com.st.stm32cube.ide.mcu.externaltools.gnu-tools-for-stm32.13.3.rel1.win32_1.0.100.202509120712/tools/bin/../lib/gcc/arm-none-eabi/13.3.1/../../../../arm-none-eabi/lib/thumb/v7e-m+fp/hard\libc_nano.a(libc_a-init.o)
 .ARM.attributes
                0x000003b7       0x22 C:/ST/STM32CubeIDE_2.0.0/STM32CubeIDE/plugins/com.st.stm32cube.ide.mcu.externaltools.gnu-tools-for-stm32.13.3.rel1.win32_1.0.100.202509120712/tools/bin/../lib/gcc/arm-none-eabi/13.3.1/thumb/v7e-m+fp/hard/crtn.o
OUTPUT(Rastreador_WR.elf elf32-littlearm)
LOAD linker stubs
LOAD C:/ST/STM32CubeIDE_2.0.0/STM32CubeIDE/plugins/com.st.stm32cube.ide.mcu.externaltools.gnu-tools-for-stm32.13.3.rel1.win32_1.0.100.202509120712/tools/bin/../lib/gcc/arm-none-eabi/13.3.1/../../../../arm-none-eabi/lib/thumb/v7e-m+fp/hard\libc.a
LOAD C:/ST/STM32CubeIDE_2.0.0/STM32CubeIDE/plugins/com.st.stm32cube.ide.mcu.externaltools.gnu-tools-for-stm32.13.3.rel1.win32_1.0.100.202509120712/tools/bin/../lib/gcc/arm-none-eabi/13.3.1/../../../../arm-none-eabi/lib/thumb/v7e-m+fp/hard\libm.a
LOAD C:/ST/STM32CubeIDE_2.0.0/STM32CubeIDE/plugins/com.st.stm32cube.ide.mcu.externaltools.gnu-tools-for-stm32.13.3.rel1.win32_1.0.100.202509120712/tools/bin/../lib/gcc/arm-none-eabi/13.3.1/thumb/v7e-m+fp/hard\libgcc.a

.debug_info     0x00000000     0x894a
 .debug_info    0x00000000      0x2a7 ./Application/User/Core/freertos.o
 .debug_info    0x000002a7      0x68b ./Application/User/Core/main.o
 .debug_info    0x00000932      0x555 ./Application/User/Core/stm32l4xx_hal_msp.o
 .debug_info    0x00000e87      0x15f ./Application/User/Core/stm32l4xx_it.o
 .debug_info    0x00000fe6       0x30 ./Application/User/Startup/startup_stm32l476rgtx.o
 .debug_info    0x00001016      0x5e2 ./Drivers/CMSIS/system_stm32l4xx.o
 .debug_info    0x000015f8      0xb2d ./Drivers/STM32L4xx_HAL_Driver/stm32l4xx_hal.o
 .debug_info    0x00002125      0xdad ./Drivers/STM32L4xx_HAL_Driver/stm32l4xx_hal_cortex.o
 .debug_info    0x00002ed2      0x9ca ./Drivers/STM32L4xx_HAL_Driver/stm32l4xx_hal_pwr_ex.o
 .debug_info    0x0000389c      0xc45 ./Drivers/STM32L4xx_HAL_Driver/stm32l4xx_hal_rcc.o
 .debug_info    0x000044e1     0x1b60 ./Middlewares/FreeRTOS/cmsis_os.o
 .debug_info    0x00006041      0x4d5 ./Middlewares/FreeRTOS/heap_4.o
 .debug_info    0x00006516      0x2af ./Middlewares/FreeRTOS/list.o
 .debug_info    0x000067c5      0x4de ./Middlewares/FreeRTOS/port.o
 .debug_info    0x00006ca3     0x1ca7 ./Middlewares/FreeRTOS/tasks.o

.debug_abbrev   0x00000000     0x1ca6
 .debug_abbrev  0x00000000       0xd8 ./Application/User/Core/freertos.o
 .debug_abbrev  0x000000d8      0x1ef ./Application/User/Core/main.o
 .debug_abbrev  0x000002c7      0x11e ./Application/User/Core/stm32l4xx_hal_msp.o
 .debug_abbrev  0x000003e5       0xd4 ./Application/User/Core/stm32l4xx_it.o
 .debug_abbrev  0x000004b9       0x24 ./Application/User/Startup/startup_stm32l476rgtx.o
 .debug_abbrev  0x000004dd      0x117 ./Drivers/CMSIS/system_stm32l4xx.o
 .debug_abbrev  0x000005f4      0x243 ./Drivers/STM32L4xx_HAL_Driver/stm32l4xx_hal.o
 .debug_abbrev  0x00000837      0x31c ./Drivers/STM32L4xx_HAL_Driver/stm32l4xx_hal_cortex.o
 .debug_abbrev  0x00000b53      0x1f9 ./Drivers/STM32L4xx_HAL_Driver/stm32l4xx_hal_pwr_ex.o
 .debug_abbrev  0x00000d4c      0x2dc ./Drivers/STM32L4xx_HAL_Driver/stm32l4xx_hal_rcc.o
 .debug_abbrev  0x00001028      0x3b7 ./Middlewares/FreeRTOS/cmsis_os.o
 .debug_abbrev  0x000013df      0x21d ./Middlewares/FreeRTOS/heap_4.o
 .debug_abbrev  0x000015fc       0xf5 ./Middlewares/FreeRTOS/list.o
 .debug_abbrev  0x000016f1      0x25c ./Middlewares/FreeRTOS/port.o
 .debug_abbrev  0x0000194d      0x359 ./Middlewares/FreeRTOS/tasks.o

.debug_aranges  0x00000000      0xa08
 .debug_aranges
                0x00000000       0x20 ./Application/User/Core/freertos.o
 .debug_aranges
                0x00000020       0x38 ./Application/User/Core/main.o
 .debug_aranges
                0x00000058       0x20 ./Application/User/Core/stm32l4xx_hal_msp.o
 .debug_aranges
                0x00000078       0x50 ./Application/User/Core/stm32l4xx_it.o
 .debug_aranges
                0x000000c8       0x28 ./Application/User/Startup/startup_stm32l476rgtx.o
 .debug_aranges
                0x000000f0       0x28 ./Drivers/CMSIS/system_stm32l4xx.o
 .debug_aranges
                0x00000118      0x130 ./Drivers/STM32L4xx_HAL_Driver/stm32l4xx_hal.o
 .debug_aranges
                0x00000248      0x128 ./Drivers/STM32L4xx_HAL_Driver/stm32l4xx_hal_cortex.o
 .debug_aranges
                0x00000370      0x160 ./Drivers/STM32L4xx_HAL_Driver/stm32l4xx_hal_pwr_ex.o
 .debug_aranges
                0x000004d0       0x90 ./Drivers/STM32L4xx_HAL_Driver/stm32l4xx_hal_rcc.o
 .debug_aranges
                0x00000560      0x1d8 ./Middlewares/FreeRTOS/cmsis_os.o
 .debug_aranges
                0x00000738       0x58 ./Middlewares/FreeRTOS/heap_4.o
 .debug_aranges
                0x00000790       0x40 ./Middlewares/FreeRTOS/list.o
 .debug_aranges
                0x000007d0       0x80 ./Middlewares/FreeRTOS/port.o
 .debug_aranges
                0x00000850      0x1b8 ./Middlewares/FreeRTOS/tasks.o

.debug_rnglists
                0x00000000      0x778
 .debug_rnglists
                0x00000000       0x13 ./Application/User/Core/freertos.o
 .debug_rnglists
                0x00000013       0x26 ./Application/User/Core/main.o
 .debug_rnglists
                0x00000039       0x13 ./Application/User/Core/stm32l4xx_hal_msp.o
 .debug_rnglists
                0x0000004c       0x37 ./Application/User/Core/stm32l4xx_it.o
 .debug_rnglists
                0x00000083       0x19 ./Application/User/Startup/startup_stm32l476rgtx.o
 .debug_rnglists
                0x0000009c       0x1a ./Drivers/CMSIS/system_stm32l4xx.o
 .debug_rnglists
                0x000000b6       0xdf ./Drivers/STM32L4xx_HAL_Driver/stm32l4xx_hal.o
 .debug_rnglists
                0x00000195       0xda ./Drivers/STM32L4xx_HAL_Driver/stm32l4xx_hal_cortex.o
 .debug_rnglists
                0x0000026f      0x109 ./Drivers/STM32L4xx_HAL_Driver/stm32l4xx_hal_pwr_ex.o
 .debug_rnglists
                0x00000378       0x6d ./Drivers/STM32L4xx_HAL_Driver/stm32l4xx_hal_rcc.o
 .debug_rnglists
                0x000003e5      0x16a ./Middlewares/FreeRTOS/cmsis_os.o
 .debug_rnglists
                0x0000054f       0x42 ./Middlewares/FreeRTOS/heap_4.o
 .debug_rnglists
                0x00000591       0x2b ./Middlewares/FreeRTOS/list.o
 .debug_rnglists
                0x000005bc       0x5d ./Middlewares/FreeRTOS/port.o
 .debug_rnglists
                0x00000619      0x15f ./Middlewares/FreeRTOS/tasks.o

.debug_macro    0x00000000    0x25e3a
 .debug_macro   0x00000000      0x219 ./Application/User/Core/freertos.o
 .debug_macro   0x00000219      0xad8 ./Application/User/Core/freertos.o
 .debug_macro   0x00000cf1      0x190 ./Application/User/Core/freertos.o
 .debug_macro   0x00000e81       0x22 ./Application/User/Core/freertos.o
 .debug_macro   0x00000ea3       0x8e ./Application/User/Core/freertos.o
 .debug_macro   0x00000f31       0x51 ./Application/User/Core/freertos.o
 .debug_macro   0x00000f82      0x103 ./Application/User/Core/freertos.o
 .debug_macro   0x00001085       0x6a ./Application/User/Core/freertos.o
 .debug_macro   0x000010ef      0x1df ./Application/User/Core/freertos.o
 .debug_macro   0x000012ce       0xe4 ./Application/User/Core/freertos.o
 .debug_macro   0x000013b2      0x15a ./Application/User/Core/freertos.o
 .debug_macro   0x0000150c       0xde ./Application/User/Core/freertos.o
 .debug_macro   0x000015ea       0x1c ./Application/User/Core/freertos.o
 .debug_macro   0x00001606       0x26 ./Application/User/Core/freertos.o
 .debug_macro   0x0000162c      0x504 ./Application/User/Core/freertos.o
 .debug_macro   0x00001b30       0xb5 ./Application/User/Core/freertos.o
 .debug_macro   0x00001be5       0xaa ./Application/User/Core/freertos.o
 .debug_macro   0x00001c8f      0x19b ./Application/User/Core/freertos.o
 .debug_macro   0x00001e2a       0x2e ./Application/User/Core/freertos.o
 .debug_macro   0x00001e58       0x28 ./Application/User/Core/freertos.o
 .debug_macro   0x00001e80       0x1c ./Application/User/Core/freertos.o
 .debug_macro   0x00001e9c       0x22 ./Application/User/Core/freertos.o
 .debug_macro   0x00001ebe       0xfb ./Application/User/Core/freertos.o
 .debug_macro   0x00001fb9     0x1011 ./Application/User/Core/freertos.o
 .debug_macro   0x00002fca      0x11f ./Application/User/Core/freertos.o
 .debug_macro   0x000030e9    0x1a192 ./Application/User/Core/freertos.o
 .debug_macro   0x0001d27b       0x6d ./Application/User/Core/freertos.o
 .debug_macro   0x0001d2e8     0x38fb ./Application/User/Core/freertos.o
 .debug_macro   0x00020be3       0x5c ./Application/User/Core/freertos.o
 .debug_macro   0x00020c3f     0x159e ./Application/User/Core/freertos.o
 .debug_macro   0x000221dd      0x5a5 ./Application/User/Core/freertos.o
 .debug_macro   0x00022782      0x1b9 ./Application/User/Core/freertos.o
 .debug_macro   0x0002293b      0x18b ./Application/User/Core/freertos.o
 .debug_macro   0x00022ac6      0x2c4 ./Application/User/Core/freertos.o
 .debug_macro   0x00022d8a      0x27a ./Application/User/Core/freertos.o
 .debug_macro   0x00023004      0x23d ./Application/User/Core/freertos.o
 .debug_macro   0x00023241      0x241 ./Application/User/Core/freertos.o
 .debug_macro   0x00023482      0x37c ./Application/User/Core/freertos.o
 .debug_macro   0x000237fe       0xd6 ./Application/User/Core/freertos.o
 .debug_macro   0x000238d4      0x122 ./Application/User/Core/freertos.o
 .debug_macro   0x000239f6      0x3ef ./Application/User/Core/freertos.o
 .debug_macro   0x00023de5      0x330 ./Application/User/Core/freertos.o
 .debug_macro   0x00024115      0x264 ./Application/User/Core/main.o
 .debug_macro   0x00024379       0xe4 ./Application/User/Core/main.o
 .debug_macro   0x0002445d       0x91 ./Application/User/Core/main.o
 .debug_macro   0x000244ee       0x8d ./Application/User/Core/main.o
 .debug_macro   0x0002457b       0x7e ./Application/User/Core/main.o
 .debug_macro   0x000245f9       0x19 ./Application/User/Core/main.o
 .debug_macro   0x00024612       0xf2 ./Application/User/Core/main.o
 .debug_macro   0x00024704      0x1b1 ./Application/User/Core/stm32l4xx_hal_msp.o
 .debug_macro   0x000248b5      0x223 ./Application/User/Core/stm32l4xx_it.o
 .debug_macro   0x00024ad8      0x1a7 ./Drivers/CMSIS/system_stm32l4xx.o
 .debug_macro   0x00024c7f      0x1f5 ./Drivers/STM32L4xx_HAL_Driver/stm32l4xx_hal.o
 .debug_macro   0x00024e74      0x1a7 ./Drivers/STM32L4xx_HAL_Driver/stm32l4xx_hal_cortex.o
 .debug_macro   0x0002501b      0x1cb ./Drivers/STM32L4xx_HAL_Driver/stm32l4xx_hal_pwr_ex.o
 .debug_macro   0x000251e6      0x1e9 ./Drivers/STM32L4xx_HAL_Driver/stm32l4xx_hal_rcc.o
 .debug_macro   0x000253cf      0x1fe ./Middlewares/FreeRTOS/cmsis_os.o
 .debug_macro   0x000255cd       0x10 ./Middlewares/FreeRTOS/cmsis_os.o
 .debug_macro   0x000255dd       0x20 ./Middlewares/FreeRTOS/cmsis_os.o
 .debug_macro   0x000255fd       0xe9 ./Middlewares/FreeRTOS/cmsis_os.o
 .debug_macro   0x000256e6      0x1ae ./Middlewares/FreeRTOS/heap_4.o
 .debug_macro   0x00025894      0x187 ./Middlewares/FreeRTOS/list.o
 .debug_macro   0x00025a1b      0x196 ./Middlewares/FreeRTOS/port.o
 .debug_macro   0x00025bb1      0x279 ./Middlewares/FreeRTOS/tasks.o
 .debug_macro   0x00025e2a       0x10 ./Middlewares/FreeRTOS/tasks.o

.debug_line     0x00000000     0xa520
 .debug_line    0x00000000      0x82a ./Application/User/Core/freertos.o
 .debug_line    0x0000082a      0x944 ./Application/User/Core/main.o
 .debug_line    0x0000116e      0x726 ./Application/User/Core/stm32l4xx_hal_msp.o
 .debug_line    0x00001894      0x8c4 ./Application/User/Core/stm32l4xx_it.o
 .debug_line    0x00002158       0x7a ./Application/User/Startup/startup_stm32l476rgtx.o
 .debug_line    0x000021d2      0x7c3 ./Drivers/CMSIS/system_stm32l4xx.o
 .debug_line    0x00002995      0xb2b ./Drivers/STM32L4xx_HAL_Driver/stm32l4xx_hal.o
 .debug_line    0x000034c0      0xcc6 ./Drivers/STM32L4xx_HAL_Driver/stm32l4xx_hal_cortex.o
 .debug_line    0x00004186      0xd0d ./Drivers/STM32L4xx_HAL_Driver/stm32l4xx_hal_pwr_ex.o
 .debug_line    0x00004e93     0x1080 ./Drivers/STM32L4xx_HAL_Driver/stm32l4xx_hal_rcc.o
 .debug_line    0x00005f13     0x132a ./Middlewares/FreeRTOS/cmsis_os.o
 .debug_line    0x0000723d      0x9ca ./Middlewares/FreeRTOS/heap_4.o
 .debug_line    0x00007c07      0x7b3 ./Middlewares/FreeRTOS/list.o
 .debug_line    0x000083ba      0x878 ./Middlewares/FreeRTOS/port.o
 .debug_line    0x00008c32     0x18ee ./Middlewares/FreeRTOS/tasks.o

.debug_str      0x00000000    0xeb99a
 .debug_str     0x00000000    0xeb99a ./Application/User/Core/freertos.o
                              0xe1f8d (size before relaxing)
 .debug_str     0x000eb99a        0x0 ./Application/User/Core/main.o
                              0xe4534 (size before relaxing)
 .debug_str     0x000eb99a        0x0 ./Application/User/Core/stm32l4xx_hal_msp.o
                              0xde6fb (size before relaxing)
 .debug_str     0x000eb99a        0x0 ./Application/User/Core/stm32l4xx_it.o
                              0xe1f00 (size before relaxing)
 .debug_str     0x000eb99a        0x0 ./Application/User/Startup/startup_stm32l476rgtx.o
                                 0x7f (size before relaxing)
 .debug_str     0x000eb99a        0x0 ./Drivers/CMSIS/system_stm32l4xx.o
                              0xde2b0 (size before relaxing)
 .debug_str     0x000eb99a        0x0 ./Drivers/STM32L4xx_HAL_Driver/stm32l4xx_hal.o
                              0xdee58 (size before relaxing)
 .debug_str     0x000eb99a        0x0 ./Drivers/STM32L4xx_HAL_Driver/stm32l4xx_hal_cortex.o
                              0xdeb29 (size before relaxing)
 .debug_str     0x000eb99a        0x0 ./Drivers/STM32L4xx_HAL_Driver/stm32l4xx_hal_pwr_ex.o
                              0xde80b (size before relaxing)
 .debug_str     0x000eb99a        0x0 ./Drivers/STM32L4xx_HAL_Driver/stm32l4xx_hal_rcc.o
                              0xde8f6 (size before relaxing)
 .debug_str     0x000eb99a        0x0 ./Middlewares/FreeRTOS/cmsis_os.o
                               0xe9d4 (size before relaxing)
 .debug_str     0x000eb99a        0x0 ./Middlewares/FreeRTOS/heap_4.o
                               0xb553 (size before relaxing)
 .debug_str     0x000eb99a        0x0 ./Middlewares/FreeRTOS/list.o
                               0xac11 (size before relaxing)
 .debug_str     0x000eb99a        0x0 ./Middlewares/FreeRTOS/port.o
                               0x87b7 (size before relaxing)
 .debug_str     0x000eb99a        0x0 ./Middlewares/FreeRTOS/tasks.o
                               0xcf7c (size before relaxing)

.comment        0x00000000       0x43
 .comment       0x00000000       0x43 ./Application/User/Core/freertos.o
                                 0x44 (size before relaxing)
 .comment       0x00000043        0x0 ./Application/User/Core/main.o
                                 0x44 (size before relaxing)
 .comment       0x00000043        0x0 ./Application/User/Core/stm32l4xx_hal_msp.o
                                 0x44 (size before relaxing)
 .comment       0x00000043        0x0 ./Application/User/Core/stm32l4xx_it.o
                                 0x44 (size before relaxing)
 .comment       0x00000043        0x0 ./Drivers/CMSIS/system_stm32l4xx.o
                                 0x44 (size before relaxing)
 .comment       0x00000043        0x0 ./Drivers/STM32L4xx_HAL_Driver/stm32l4xx_hal.o
                                 0x44 (size before relaxing)
 .comment       0x00000043        0x0 ./Drivers/STM32L4xx_HAL_Driver/stm32l4xx_hal_cortex.o
                                 0x44 (size before relaxing)
 .comment       0x00000043        0x0 ./Drivers/STM32L4xx_HAL_Driver/stm32l4xx_hal_pwr_ex.o
                                 0x44 (size before relaxing)
 .comment       0x00000043        0x0 ./Drivers/STM32L4xx_HAL_Driver/stm32l4xx_hal_rcc.o
                                 0x44 (size before relaxing)
 .comment       0x00000043        0x0 ./Middlewares/FreeRTOS/cmsis_os.o
                                 0x44 (size before relaxing)
 .comment       0x00000043        0x0 ./Middlewares/FreeRTOS/heap_4.o
                                 0x44 (size before relaxing)
 .comment       0x00000043        0x0 ./Middlewares/FreeRTOS/list.o
                                 0x44 (size before relaxing)
 .comment       0x00000043        0x0 ./Middlewares/FreeRTOS/port.o
                                 0x44 (size before relaxing)
 .comment       0x00000043        0x0 ./Middlewares/FreeRTOS/tasks.o
                                 0x44 (size before relaxing)

.debug_frame    0x00000000     0x26b8
 .debug_frame   0x00000000       0x38 ./Application/User/Core/freertos.o
 .debug_frame   0x00000038       0x90 ./Application/User/Core/main.o
 .debug_frame   0x000000c8       0x34 ./Application/User/Core/stm32l4xx_hal_msp.o
 .debug_frame   0x000000fc       0xc4 ./Application/User/Core/stm32l4xx_it.o
 .debug_frame   0x000001c0       0x58 ./Drivers/CMSIS/system_stm32l4xx.o
 .debug_frame   0x00000218      0x498 ./Drivers/STM32L4xx_HAL_Driver/stm32l4xx_hal.o
 .debug_frame   0x000006b0      0x4e8 ./Drivers/STM32L4xx_HAL_Driver/stm32l4xx_hal_cortex.o
 .debug_frame   0x00000b98      0x584 ./Drivers/STM32L4xx_HAL_Driver/stm32l4xx_hal_pwr_ex.o
 .debug_frame   0x0000111c      0x21c ./Drivers/STM32L4xx_HAL_Driver/stm32l4xx_hal_rcc.o
 .debug_frame   0x00001338      0x80c ./Middlewares/FreeRTOS/cmsis_os.o
 .debug_frame   0x00001b44      0x12c ./Middlewares/FreeRTOS/heap_4.o
 .debug_frame   0x00001c70       0xd8 ./Middlewares/FreeRTOS/list.o
 .debug_frame   0x00001d48      0x1a8 ./Middlewares/FreeRTOS/port.o
 .debug_frame   0x00001ef0      0x77c ./Middlewares/FreeRTOS/tasks.o
 .debug_frame   0x0000266c       0x20 C:/ST/STM32CubeIDE_2.0.0/STM32CubeIDE/plugins/com.st.stm32cube.ide.mcu.externaltools.gnu-tools-for-stm32.13.3.rel1.win32_1.0.100.202509120712/tools/bin/../lib/gcc/arm-none-eabi/13.3.1/../../../../arm-none-eabi/lib/thumb/v7e-m+fp/hard\libc_nano.a(libc_a-memset.o)
 .debug_frame   0x0000268c       0x2c C:/ST/STM32CubeIDE_2.0.0/STM32CubeIDE/plugins/com.st.stm32cube.ide.mcu.externaltools.gnu-tools-for-stm32.13.3.rel1.win32_1.0.100.202509120712/tools/bin/../lib/gcc/arm-none-eabi/13.3.1/../../../../arm-none-eabi/lib/thumb/v7e-m+fp/hard\libc_nano.a(libc_a-init.o)

.debug_line_str
                0x00000000       0x63
 .debug_line_str
                0x00000000       0x63 ./Application/User/Startup/startup_stm32l476rgtx.o
